C:\Users\Сашко>docker run -it --name my_story ubuntu
root@83fcc4228e96:/# run echo "Your story" > story.txt
bash: run: command not found
root@83fcc4228e96:/# echo "Your story" > story.txt
root@83fcc4228e96:/# apt-get install cowsay
Reading package lists... Done
Building dependency tree
Reading state information... Done
E: Unable to locate package cowsay
root@83fcc4228e96:/# cat story.txt
Your story
root@83fcc4228e96:/# apt-get update
Get:1 http://archive.ubuntu.com/ubuntu focal InRelease [265 kB]
Get:2 http://security.ubuntu.com/ubuntu focal-security InRelease [114 kB]
Get:3 http://archive.ubuntu.com/ubuntu focal-updates InRelease [114 kB]
Get:4 http://archive.ubuntu.com/ubuntu focal-backports InRelease [101 kB]
Get:5 http://archive.ubuntu.com/ubuntu focal/universe amd64 Packages [11.3 MB]
Get:6 http://security.ubuntu.com/ubuntu focal-security/restricted amd64 Packages [274 kB]
Get:7 http://security.ubuntu.com/ubuntu focal-security/universe amd64 Packages [727 kB]
Get:8 http://security.ubuntu.com/ubuntu focal-security/main amd64 Packages [834 kB]
Get:9 http://security.ubuntu.com/ubuntu focal-security/multiverse amd64 Packages [27.6 kB]
Get:10 http://archive.ubuntu.com/ubuntu focal/main amd64 Packages [1275 kB]
Get:11 http://archive.ubuntu.com/ubuntu focal/multiverse amd64 Packages [177 kB]
Get:12 http://archive.ubuntu.com/ubuntu focal/restricted amd64 Packages [33.4 kB]
Get:13 http://archive.ubuntu.com/ubuntu focal-updates/multiverse amd64 Packages [29.8 kB]
Get:14 http://archive.ubuntu.com/ubuntu focal-updates/universe amd64 Packages [974 kB]
Get:15 http://archive.ubuntu.com/ubuntu focal-updates/restricted amd64 Packages [299 kB]
Get:16 http://archive.ubuntu.com/ubuntu focal-updates/main amd64 Packages [1247 kB]
Get:17 http://archive.ubuntu.com/ubuntu focal-backports/universe amd64 Packages [4305 B]
Fetched 17.8 MB in 10s (1750 kB/s)
Reading package lists... Done
root@83fcc4228e96:/# apt-get install cowsay
Reading package lists... Done
Building dependency tree
Reading state information... Done
The following additional packages will be installed:
  libgdbm-compat4 libgdbm6 libperl5.30 libtext-charwidth-perl netbase perl perl-modules-5.30
Suggested packages:
  filters cowsay-off gdbm-l10n perl-doc libterm-readline-gnu-perl | libterm-readline-perl-perl make libb-debug-perl
  liblocale-codes-perl
The following NEW packages will be installed:
  cowsay libgdbm-compat4 libgdbm6 libperl5.30 libtext-charwidth-perl netbase perl perl-modules-5.30
0 upgraded, 8 newly installed, 0 to remove and 5 not upgraded.
Need to get 6989 kB of archives.
After this operation, 46.4 MB of additional disk space will be used.
Do you want to continue? [Y/n] y
Get:1 http://archive.ubuntu.com/ubuntu focal-updates/main amd64 perl-modules-5.30 all 5.30.0-9ubuntu0.2 [2738 kB]
Get:2 http://archive.ubuntu.com/ubuntu focal/main amd64 libgdbm6 amd64 1.18.1-5 [27.4 kB]
Get:3 http://archive.ubuntu.com/ubuntu focal/main amd64 libgdbm-compat4 amd64 1.18.1-5 [6244 B]
Get:4 http://archive.ubuntu.com/ubuntu focal-updates/main amd64 libperl5.30 amd64 5.30.0-9ubuntu0.2 [3952 kB]
Get:5 http://archive.ubuntu.com/ubuntu focal-updates/main amd64 perl amd64 5.30.0-9ubuntu0.2 [224 kB]
Get:6 http://archive.ubuntu.com/ubuntu focal/main amd64 libtext-charwidth-perl amd64 0.04-10 [9872 B]
Get:7 http://archive.ubuntu.com/ubuntu focal/main amd64 netbase all 6.1 [13.1 kB]
Get:8 http://archive.ubuntu.com/ubuntu focal/universe amd64 cowsay all 3.03+dfsg2-7 [18.5 kB]
Fetched 6989 kB in 5s (1482 kB/s)
debconf: delaying package configuration, since apt-utils is not installed
Selecting previously unselected package perl-modules-5.30.
(Reading database ... 4121 files and directories currently installed.)
Preparing to unpack .../0-perl-modules-5.30_5.30.0-9ubuntu0.2_all.deb ...
Unpacking perl-modules-5.30 (5.30.0-9ubuntu0.2) ...
Selecting previously unselected package libgdbm6:amd64.
Preparing to unpack .../1-libgdbm6_1.18.1-5_amd64.deb ...
Unpacking libgdbm6:amd64 (1.18.1-5) ...
Selecting previously unselected package libgdbm-compat4:amd64.
Preparing to unpack .../2-libgdbm-compat4_1.18.1-5_amd64.deb ...
Unpacking libgdbm-compat4:amd64 (1.18.1-5) ...
Selecting previously unselected package libperl5.30:amd64.
Preparing to unpack .../3-libperl5.30_5.30.0-9ubuntu0.2_amd64.deb ...
Unpacking libperl5.30:amd64 (5.30.0-9ubuntu0.2) ...
Selecting previously unselected package perl.
Preparing to unpack .../4-perl_5.30.0-9ubuntu0.2_amd64.deb ...
Unpacking perl (5.30.0-9ubuntu0.2) ...
Selecting previously unselected package libtext-charwidth-perl.
Preparing to unpack .../5-libtext-charwidth-perl_0.04-10_amd64.deb ...
Unpacking libtext-charwidth-perl (0.04-10) ...
Selecting previously unselected package netbase.
Preparing to unpack .../6-netbase_6.1_all.deb ...
Unpacking netbase (6.1) ...
Selecting previously unselected package cowsay.
Preparing to unpack .../7-cowsay_3.03+dfsg2-7_all.deb ...
Unpacking cowsay (3.03+dfsg2-7) ...
Setting up libtext-charwidth-perl (0.04-10) ...
Setting up perl-modules-5.30 (5.30.0-9ubuntu0.2) ...
Setting up netbase (6.1) ...
Setting up libgdbm6:amd64 (1.18.1-5) ...
Setting up libgdbm-compat4:amd64 (1.18.1-5) ...
Setting up libperl5.30:amd64 (5.30.0-9ubuntu0.2) ...
Setting up perl (5.30.0-9ubuntu0.2) ...
Setting up cowsay (3.03+dfsg2-7) ...
Processing triggers for libc-bin (2.31-0ubuntu9.2) ...
root@83fcc4228e96:/# cat story.txt
Your story
root@83fcc4228e96:/# cat cowsay
cat: cowsay: No such file or directory
root@83fcc4228e96:/# cat cowsay.
cat: cowsay.: No such file or directory
root@83fcc4228e96:/# ls
bin   dev  home  lib32  libx32  mnt  proc  run   srv        sys  usr
boot  etc  lib   lib64  media   opt  root  sbin  story.txt  tmp  var
root@83fcc4228e96:/# usr/share/cowsay/cows
bash: usr/share/cowsay/cows: Is a directory
root@83fcc4228e96:/# cd usr/share/cowsay/cows
root@83fcc4228e96:/usr/share/cowsay/cows# ls
apt.cow        default.cow            fox.cow           luke-koala.cow    sheep.cow        turtle.cow
bud-frogs.cow  dragon-and-cow.cow     ghostbusters.cow  mech-and-cow.cow  skeleton.cow     tux.cow
bunny.cow      dragon.cow             gnu.cow           milk.cow          snowman.cow      unipony-smaller.cow
calvin.cow     duck.cow               hellokitty.cow    moofasa.cow       stegosaurus.cow  unipony.cow
cheese.cow     elephant-in-snake.cow  kangaroo.cow      moose.cow         stimpy.cow       vader-koala.cow
cock.cow       elephant.cow           kiss.cow          pony-smaller.cow  suse.cow         vader.cow
cower.cow      eyes.cow               koala.cow         pony.cow          three-eyes.cow   www.cow
daemon.cow     flaming-sheep.cow      kosh.cow          ren.cow           turkey.cow
root@83fcc4228e96:/usr/share/cowsay/cows# cat usr/share/cowsay/cows/story.txt cock.cow
cat: usr/share/cowsay/cows/story.txt: No such file or directory
$the_cow = <<"EOC";
    $thoughts
     $thoughts  /\\/\\
       \\   /
       |  0 >>
       |___|
 __((_<|   |
(          |
(__________)
   |      |
   |      |
   /\\     /\\
EOC
root@83fcc4228e96:/usr/share/cowsay/cows# exit
exit

C:\Users\Сашко>docker run -it --name my_story2 ubuntu
root@d8808481e627:/# ls
bin  boot  dev  etc  home  lib  lib32  lib64  libx32  media  mnt  opt  proc  root  run  sbin  srv  sys  tmp  usr  var
root@d8808481e627:/# ls usr/share/
adduser      bash-completion  debianutils  dpkg    keyrings  man   pam-configs  sensible-utils
apport       bug              dict         gcc-10  libc-bin  menu  perl5        tabset
base-files   common-licenses  doc          gdb     lintian   misc  pixmaps      terminfo
base-passwd  debconf          doc-base     info    locale    pam   polkit-1
root@d8808481e627:/# ls usr/share/cowsay
ls: cannot access 'usr/share/cowsay': No such file or directory
root@d8808481e627:/#